17:43:59.518 [main] INFO org.springframework.test.context.support.AnnotationConfigContextLoaderUtils -- Could not detect default configuration classes for test class [com.fintrack.api.FintrackApiApplicationTests]: FintrackApiApplicationTests does not declare any static, non-private, non-final, nested classes annotated with @Configuration.
17:43:59.620 [main] INFO org.springframework.boot.test.context.SpringBootTestContextBootstrapper -- Found @SpringBootConfiguration com.fintrack.api.FintrackApiApplication for test class com.fintrack.api.FintrackApiApplicationTests

  .   ____          _            __ _ _
 /\\ / ___'_ __ _ _(_)_ __  __ _ \ \ \ \
( ( )\___ | '_ | '_| | '_ \/ _` | \ \ \ \
 \\/  ___)| |_)| | | | | || (_| |  ) ) ) )
  '  |____| .__|_| |_|_| |_\__, | / / / /
 =========|_|==============|___/=/_/_/_/

 :: Spring Boot ::                (v3.3.5)

2026-04-15T17:44:00.062-03:00  INFO 28520 --- [fintrack-api] [           main] c.f.api.FintrackApiApplicationTests      : Starting FintrackApiApplicationTests using Java 21.0.10 with PID 28520 (started by Dell in D:\Projetos\GestÒo de Finanþa\fintrack-api)
2026-04-15T17:44:00.063-03:00  INFO 28520 --- [fintrack-api] [           main] c.f.api.FintrackApiApplicationTests      : The following 1 profile is active: "test"
2026-04-15T17:44:01.085-03:00  INFO 28520 --- [fintrack-api] [           main] .s.d.r.c.RepositoryConfigurationDelegate : Bootstrapping Spring Data JPA repositories in DEFAULT mode.
2026-04-15T17:44:01.170-03:00  INFO 28520 --- [fintrack-api] [           main] .s.d.r.c.RepositoryConfigurationDelegate : Finished Spring Data repository scanning in 77 ms. Found 4 JPA repository interfaces.
2026-04-15T17:44:02.867-03:00  INFO 28520 --- [fintrack-api] [           main] com.zaxxer.hikari.HikariDataSource       : HikariPool-1 - Starting...
2026-04-15T17:44:03.203-03:00  INFO 28520 --- [fintrack-api] [           main] com.zaxxer.hikari.pool.HikariPool        : HikariPool-1 - Added connection conn0: url=jdbc:h2:mem:fintracktest user=SA
2026-04-15T17:44:03.204-03:00  INFO 28520 --- [fintrack-api] [           main] com.zaxxer.hikari.HikariDataSource       : HikariPool-1 - Start completed.
2026-04-15T17:44:03.280-03:00  INFO 28520 --- [fintrack-api] [           main] org.flywaydb.core.FlywayExecutor         : Database: jdbc:h2:mem:fintracktest (H2 2.2)
2026-04-15T17:44:03.290-03:00  WARN 28520 --- [fintrack-api] [           main] o.f.c.internal.database.base.Database    : Flyway upgrade recommended: H2 2.2.224 is newer than this version of Flyway and support has not been tested. The latest supported version of H2 is 2.2.220.
2026-04-15T17:44:03.320-03:00  INFO 28520 --- [fintrack-api] [           main] o.f.c.i.s.JdbcTableSchemaHistory         : Schema history table "PUBLIC"."flyway_schema_history" does not exist yet
2026-04-15T17:44:03.323-03:00  INFO 28520 --- [fintrack-api] [           main] o.f.core.internal.command.DbValidate     : Successfully validated 2 migrations (execution time 00:00.018s)
2026-04-15T17:44:03.332-03:00  INFO 28520 --- [fintrack-api] [           main] o.f.c.i.s.JdbcTableSchemaHistory         : Creating Schema History table "PUBLIC"."flyway_schema_history" ...
2026-04-15T17:44:03.388-03:00  INFO 28520 --- [fintrack-api] [           main] o.f.core.internal.command.DbMigrate      : Current version of schema "PUBLIC": << Empty Schema >>
2026-04-15T17:44:03.405-03:00  INFO 28520 --- [fintrack-api] [           main] o.f.core.internal.command.DbMigrate      : Migrating schema "PUBLIC" to version "1 - create users table"
2026-04-15T17:44:03.437-03:00  INFO 28520 --- [fintrack-api] [           main] o.f.core.internal.command.DbMigrate      : Migrating schema "PUBLIC" to version "2 - create core tables"
2026-04-15T17:44:03.482-03:00  INFO 28520 --- [fintrack-api] [           main] o.f.core.internal.command.DbMigrate      : Successfully applied 2 migrations to schema "PUBLIC", now at version v2 (execution time 00:00.041s)
2026-04-15T17:44:03.784-03:00  INFO 28520 --- [fintrack-api] [           main] o.hibernate.jpa.internal.util.LogHelper  : HHH000204: Processing PersistenceUnitInfo [name: default]
2026-04-15T17:44:03.886-03:00  INFO 28520 --- [fintrack-api] [           main] org.hibernate.Version                    : HHH000412: Hibernate ORM core version 6.5.3.Final
2026-04-15T17:44:03.935-03:00  INFO 28520 --- [fintrack-api] [           main] o.h.c.internal.RegionFactoryInitiator    : HHH000026: Second-level cache disabled
2026-04-15T17:44:04.432-03:00  INFO 28520 --- [fintrack-api] [           main] o.s.o.j.p.SpringPersistenceUnitInfo      : No LoadTimeWeaver setup: ignoring JPA class transformer
2026-04-15T17:44:04.497-03:00  WARN 28520 --- [fintrack-api] [           main] org.hibernate.orm.deprecation            : HHH90000025: H2Dialect does not need to be specified explicitly using 'hibernate.dialect' (remove the property setting and it will be selected by default)
2026-04-15T17:44:06.080-03:00  INFO 28520 --- [fintrack-api] [           main] o.h.e.t.j.p.i.JtaPlatformInitiator       : HHH000489: No JTA platform available (set 'hibernate.transaction.jta.platform' to enable JTA platform integration)
2026-04-15T17:44:06.124-03:00  INFO 28520 --- [fintrack-api] [           main] j.LocalContainerEntityManagerFactoryBean : Initialized JPA EntityManagerFactory for persistence unit 'default'
2026-04-15T17:44:06.779-03:00  INFO 28520 --- [fintrack-api] [           main] o.s.d.j.r.query.QueryEnhancerFactory     : Hibernate is in classpath; If applicable, HQL parser will be used.
2026-04-15T17:44:08.060-03:00  INFO 28520 --- [fintrack-api] [           main] eAuthenticationProviderManagerConfigurer : Global AuthenticationManager configured with AuthenticationProvider bean with name daoAuthenticationProvider
2026-04-15T17:44:08.060-03:00  WARN 28520 --- [fintrack-api] [           main] r$InitializeUserDetailsManagerConfigurer : Global AuthenticationManager configured with an AuthenticationProvider bean. UserDetailsService beans will not be used for username/password login. Consider removing the AuthenticationProvider bean. Alternatively, consider using the UserDetailsService in a manually instantiated DaoAuthenticationProvider.
2026-04-15T17:44:09.972-03:00  INFO 28520 --- [fintrack-api] [           main] c.f.api.FintrackApiApplicationTests      : Started FintrackApiApplicationTests in 10.218 seconds (process running for 11.301)
java.exe : OpenJDK 64-Bit Server VM warning: Sharing is only supported for boot loader classes because bootstrap classpath has been appended
No linha:1 caractere:1
+ & "C:\Users\Dell\.vscode\extensions\redhat.java-1.54.0-win32-x64\jre\ ...
+ ~~~~~~~~~~~~~~~~~~~~~~~~~~~~~~~~~~~~~~~~~~~~~~~~~~~~~~~~~~~~~~~~~~~~~
    + CategoryInfo          : NotSpecified: (OpenJDK 64-Bit ...s been appended:String) [], RemoteException
    + FullyQualifiedErrorId : NativeCommandError
 
WARNING: A Java agent has been loaded dynamically (C:\Users\Dell\.m2\repository\net\bytebuddy\byte-buddy-agent\1.14.19\byte-buddy-agent-1.14.19.jar)
WARNING: If a serviceability tool is in use, please run with -XX:+EnableDynamicAgentLoading to hide this warning
WARNING: If a serviceability tool is not in use, please run with -Djdk.instrument.traceUsage for more information
WARNING: Dynamic loading of agents will be disallowed by default in a future release
2026-04-15T17:44:10.310-03:00  INFO 28520 --- [fintrack-api] [           main] t.c.s.AnnotationConfigContextLoaderUtils : Could not detect default configuration classes for test class [com.fintrack.api.account.controller.AccountControllerIntegrationTest]: AccountControllerIntegrationTest does not declare any static, non-private, non-final, nested classes annotated with @Configuration.
2026-04-15T17:44:10.339-03:00  INFO 28520 --- [fintrack-api] [           main] .b.t.c.SpringBootTestContextBootstrapper : Found @SpringBootConfiguration com.fintrack.api.FintrackApiApplication for test class com.fintrack.api.account.controller.AccountControllerIntegrationTest
2026-04-15T17:44:10.346-03:00  INFO 28520 --- [fintrack-api] [           main] t.c.s.AnnotationConfigContextLoaderUtils : Could not detect default configuration classes for test class [com.fintrack.api.account.controller.AccountControllerIntegrationTest$Delete]: Delete does not declare any static, non-private, non-final, nested classes annotated with @Configuration.
2026-04-15T17:44:10.349-03:00  INFO 28520 --- [fintrack-api] [           main] .b.t.c.SpringBootTestContextBootstrapper : Found @SpringBootConfiguration com.fintrack.api.FintrackApiApplication for test class com.fintrack.api.account.controller.AccountControllerIntegrationTest$Delete

  .   ____          _            __ _ _
 /\\ / ___'_ __ _ _(_)_ __  __ _ \ \ \ \
( ( )\___ | '_ | '_| | '_ \/ _` | \ \ \ \
 \\/  ___)| |_)| | | | | || (_| |  ) ) ) )
  '  |____| .__|_| |_|_| |_\__, | / / / /
 =========|_|==============|___/=/_/_/_/

 :: Spring Boot ::                (v3.3.5)

2026-04-15T17:44:10.380-03:00  INFO 28520 --- [fintrack-api] [           main] f.a.a.c.AccountControllerIntegrationTest : Starting AccountControllerIntegrationTest using Java 21.0.10 with PID 28520 (started by Dell in D:\Projetos\GestÒo de Finanþa\fintrack-api)
2026-04-15T17:44:10.382-03:00  INFO 28520 --- [fintrack-api] [           main] f.a.a.c.AccountControllerIntegrationTest : The following 1 profile is active: "test"
2026-04-15T17:44:10.628-03:00  INFO 28520 --- [fintrack-api] [           main] .s.d.r.c.RepositoryConfigurationDelegate : Bootstrapping Spring Data JPA repositories in DEFAULT mode.
2026-04-15T17:44:10.656-03:00  INFO 28520 --- [fintrack-api] [           main] .s.d.r.c.RepositoryConfigurationDelegate : Finished Spring Data repository scanning in 27 ms. Found 4 JPA repository interfaces.
2026-04-15T17:44:10.901-03:00  INFO 28520 --- [fintrack-api] [           main] o.s.b.w.embedded.tomcat.TomcatWebServer  : Tomcat initialized with port 0 (http)
2026-04-15T17:44:10.914-03:00  INFO 28520 --- [fintrack-api] [           main] o.apache.catalina.core.StandardService   : Starting service [Tomcat]
2026-04-15T17:44:10.915-03:00  INFO 28520 --- [fintrack-api] [           main] o.apache.catalina.core.StandardEngine    : Starting Servlet engine: [Apache Tomcat/10.1.31]
2026-04-15T17:44:10.984-03:00  INFO 28520 --- [fintrack-api] [           main] o.a.c.c.C.[Tomcat].[localhost].[/]       : Initializing Spring embedded WebApplicationContext
2026-04-15T17:44:10.986-03:00  INFO 28520 --- [fintrack-api] [           main] w.s.c.ServletWebServerApplicationContext : Root WebApplicationContext: initialization completed in 603 ms
2026-04-15T17:44:11.038-03:00  INFO 28520 --- [fintrack-api] [           main] com.zaxxer.hikari.HikariDataSource       : HikariPool-2 - Starting...
2026-04-15T17:44:11.040-03:00  INFO 28520 --- [fintrack-api] [           main] com.zaxxer.hikari.pool.HikariPool        : HikariPool-2 - Added connection conn10: url=jdbc:h2:mem:fintracktest user=SA
2026-04-15T17:44:11.040-03:00  INFO 28520 --- [fintrack-api] [           main] com.zaxxer.hikari.HikariDataSource       : HikariPool-2 - Start completed.
2026-04-15T17:44:11.042-03:00  INFO 28520 --- [fintrack-api] [           main] org.flywaydb.core.FlywayExecutor         : Database: jdbc:h2:mem:fintracktest (H2 2.2)
2026-04-15T17:44:11.044-03:00  WARN 28520 --- [fintrack-api] [           main] o.f.c.internal.database.base.Database    : Flyway upgrade recommended: H2 2.2.224 is newer than this version of Flyway and support has not been tested. The latest supported version of H2 is 2.2.220.
2026-04-15T17:44:11.047-03:00  INFO 28520 --- [fintrack-api] [           main] o.f.core.internal.command.DbValidate     : Successfully validated 2 migrations (execution time 00:00.002s)
2026-04-15T17:44:11.052-03:00  INFO 28520 --- [fintrack-api] [           main] o.f.core.internal.command.DbMigrate      : Current version of schema "PUBLIC": 2
2026-04-15T17:44:11.053-03:00  INFO 28520 --- [fintrack-api] [           main] o.f.core.internal.command.DbMigrate      : Schema "PUBLIC" is up to date. No migration necessary.
2026-04-15T17:44:11.070-03:00  INFO 28520 --- [fintrack-api] [           main] o.hibernate.jpa.internal.util.LogHelper  : HHH000204: Processing PersistenceUnitInfo [name: default]
2026-04-15T17:44:11.075-03:00  INFO 28520 --- [fintrack-api] [           main] o.h.c.internal.RegionFactoryInitiator    : HHH000026: Second-level cache disabled
2026-04-15T17:44:11.085-03:00  INFO 28520 --- [fintrack-api] [           main] o.s.o.j.p.SpringPersistenceUnitInfo      : No LoadTimeWeaver setup: ignoring JPA class transformer
2026-04-15T17:44:11.089-03:00  WARN 28520 --- [fintrack-api] [           main] org.hibernate.orm.deprecation            : HHH90000025: H2Dialect does not need to be specified explicitly using 'hibernate.dialect' (remove the property setting and it will be selected by default)
2026-04-15T17:44:11.232-03:00  INFO 28520 --- [fintrack-api] [           main] o.h.e.t.j.p.i.JtaPlatformInitiator       : HHH000489: No JTA platform available (set 'hibernate.transaction.jta.platform' to enable JTA platform integration)
2026-04-15T17:44:11.236-03:00  INFO 28520 --- [fintrack-api] [           main] j.LocalContainerEntityManagerFactoryBean : Initialized JPA EntityManagerFactory for persistence unit 'default'
2026-04-15T17:44:11.324-03:00  INFO 28520 --- [fintrack-api] [           main] eAuthenticationProviderManagerConfigurer : Global AuthenticationManager configured with AuthenticationProvider bean with name daoAuthenticationProvider
2026-04-15T17:44:11.324-03:00  WARN 28520 --- [fintrack-api] [           main] r$InitializeUserDetailsManagerConfigurer : Global AuthenticationManager configured with an AuthenticationProvider bean. UserDetailsService beans will not be used for username/password login. Consider removing the AuthenticationProvider bean. Alternatively, consider using the UserDetailsService in a manually instantiated DaoAuthenticationProvider.
2026-04-15T17:44:11.517-03:00  INFO 28520 --- [fintrack-api] [           main] o.a.c.c.C.[Tomcat].[localhost].[/]       : Initializing Spring TestDispatcherServlet ''
2026-04-15T17:44:11.517-03:00  INFO 28520 --- [fintrack-api] [           main] o.s.t.web.servlet.TestDispatcherServlet  : Initializing Servlet ''
2026-04-15T17:44:11.518-03:00  INFO 28520 --- [fintrack-api] [           main] o.s.t.web.servlet.TestDispatcherServlet  : Completed initialization in 0 ms
2026-04-15T17:44:11.561-03:00  INFO 28520 --- [fintrack-api] [           main] o.s.b.w.embedded.tomcat.TomcatWebServer  : Tomcat started on port 28880 (http) with context path '/'
2026-04-15T17:44:11.565-03:00  INFO 28520 --- [fintrack-api] [           main] f.a.a.c.AccountControllerIntegrationTest : Started AccountControllerIntegrationTest in 1.211 seconds (process running for 12.895)
2026-04-15T17:44:12.029-03:00  INFO 28520 --- [fintrack-api] [           main] t.c.s.AnnotationConfigContextLoaderUtils : Could not detect default configuration classes for test class [com.fintrack.api.account.controller.AccountControllerIntegrationTest$Update]: Update does not declare any static, non-private, non-final, nested classes annotated with @Configuration.
2026-04-15T17:44:12.030-03:00  INFO 28520 --- [fintrack-api] [           main] .b.t.c.SpringBootTestContextBootstrapper : Found @SpringBootConfiguration com.fintrack.api.FintrackApiApplication for test class com.fintrack.api.account.controller.AccountControllerIntegrationTest$Update
2026-04-15T17:44:12.322-03:00  INFO 28520 --- [fintrack-api] [           main] t.c.s.AnnotationConfigContextLoaderUtils : Could not detect default configuration classes for test class [com.fintrack.api.account.controller.AccountControllerIntegrationTest$FindById]: FindById does not declare any static, non-private, non-final, nested classes annotated with @Configuration.
2026-04-15T17:44:12.326-03:00  INFO 28520 --- [fintrack-api] [           main] .b.t.c.SpringBootTestContextBootstrapper : Found @SpringBootConfiguration com.fintrack.api.FintrackApiApplication for test class com.fintrack.api.account.controller.AccountControllerIntegrationTest$FindById
2026-04-15T17:44:12.482-03:00  INFO 28520 --- [fintrack-api] [           main] t.c.s.AnnotationConfigContextLoaderUtils : Could not detect default configuration classes for test class [com.fintrack.api.account.controller.AccountControllerIntegrationTest$ListAll]: ListAll does not declare any static, non-private, non-final, nested classes annotated with @Configuration.
2026-04-15T17:44:12.485-03:00  INFO 28520 --- [fintrack-api] [           main] .b.t.c.SpringBootTestContextBootstrapper : Found @SpringBootConfiguration com.fintrack.api.FintrackApiApplication for test class com.fintrack.api.account.controller.AccountControllerIntegrationTest$ListAll
2026-04-15T17:44:12.704-03:00  INFO 28520 --- [fintrack-api] [           main] t.c.s.AnnotationConfigContextLoaderUtils : Could not detect default configuration classes for test class [com.fintrack.api.account.controller.AccountControllerIntegrationTest$Create]: Create does not declare any static, non-private, non-final, nested classes annotated with @Configuration.
2026-04-15T17:44:12.706-03:00  INFO 28520 --- [fintrack-api] [           main] .b.t.c.SpringBootTestContextBootstrapper : Found @SpringBootConfiguration com.fintrack.api.FintrackApiApplication for test class com.fintrack.api.account.controller.AccountControllerIntegrationTest$Create
2026-04-15T17:44:13.880-03:00  INFO 28520 --- [fintrack-api] [           main] t.c.s.AnnotationConfigContextLoaderUtils : Could not detect default configuration classes for test class [com.fintrack.api.auth.controller.AuthControllerIntegrationTest]: AuthControllerIntegrationTest does not declare any static, non-private, non-final, nested classes annotated with @Configuration.
2026-04-15T17:44:13.944-03:00  INFO 28520 --- [fintrack-api] [           main] .b.t.c.SpringBootTestContextBootstrapper : Found @SpringBootConfiguration com.fintrack.api.FintrackApiApplication for test class com.fintrack.api.auth.controller.AuthControllerIntegrationTest
2026-04-15T17:44:13.949-03:00  INFO 28520 --- [fintrack-api] [           main] t.c.s.AnnotationConfigContextLoaderUtils : Could not detect default configuration classes for test class [com.fintrack.api.auth.controller.AuthControllerIntegrationTest$Refresh]: Refresh does not declare any static, non-private, non-final, nested classes annotated with @Configuration.
2026-04-15T17:44:13.955-03:00  INFO 28520 --- [fintrack-api] [           main] .b.t.c.SpringBootTestContextBootstrapper : Found @SpringBootConfiguration com.fintrack.api.FintrackApiApplication for test class com.fintrack.api.auth.controller.AuthControllerIntegrationTest$Refresh
2026-04-15T17:44:14.180-03:00  INFO 28520 --- [fintrack-api] [           main] t.c.s.AnnotationConfigContextLoaderUtils : Could not detect default configuration classes for test class [com.fintrack.api.auth.controller.AuthControllerIntegrationTest$Login]: Login does not declare any static, non-private, non-final, nested classes annotated with @Configuration.
2026-04-15T17:44:14.187-03:00  INFO 28520 --- [fintrack-api] [           main] .b.t.c.SpringBootTestContextBootstrapper : Found @SpringBootConfiguration com.fintrack.api.FintrackApiApplication for test class com.fintrack.api.auth.controller.AuthControllerIntegrationTest$Login
2026-04-15T17:44:14.673-03:00  INFO 28520 --- [fintrack-api] [           main] t.c.s.AnnotationConfigContextLoaderUtils : Could not detect default configuration classes for test class [com.fintrack.api.auth.controller.AuthControllerIntegrationTest$Register]: Register does not declare any static, non-private, non-final, nested classes annotated with @Configuration.
2026-04-15T17:44:14.677-03:00  INFO 28520 --- [fintrack-api] [           main] .b.t.c.SpringBootTestContextBootstrapper : Found @SpringBootConfiguration com.fintrack.api.FintrackApiApplication for test class com.fintrack.api.auth.controller.AuthControllerIntegrationTest$Register
2026-04-15T17:44:15.514-03:00  INFO 28520 --- [fintrack-api] [           main] t.c.s.AnnotationConfigContextLoaderUtils : Could not detect default configuration classes for test class [com.fintrack.api.category.controller.CategoryControllerIntegrationTest]: CategoryControllerIntegrationTest does not declare any static, non-private, non-final, nested classes annotated with @Configuration.
2026-04-15T17:44:15.564-03:00  INFO 28520 --- [fintrack-api] [           main] .b.t.c.SpringBootTestContextBootstrapper : Found @SpringBootConfiguration com.fintrack.api.FintrackApiApplication for test class com.fintrack.api.category.controller.CategoryControllerIntegrationTest
2026-04-15T17:44:15.573-03:00  INFO 28520 --- [fintrack-api] [           main] t.c.s.AnnotationConfigContextLoaderUtils : Could not detect default configuration classes for test class [com.fintrack.api.category.controller.CategoryControllerIntegrationTest$Delete]: Delete does not declare any static, non-private, non-final, nested classes annotated with @Configuration.
2026-04-15T17:44:15.582-03:00  INFO 28520 --- [fintrack-api] [           main] .b.t.c.SpringBootTestContextBootstrapper : Found @SpringBootConfiguration com.fintrack.api.FintrackApiApplication for test class com.fintrack.api.category.controller.CategoryControllerIntegrationTest$Delete
2026-04-15T17:44:16.184-03:00  INFO 28520 --- [fintrack-api] [           main] t.c.s.AnnotationConfigContextLoaderUtils : Could not detect default configuration classes for test class [com.fintrack.api.category.controller.CategoryControllerIntegrationTest$FindById]: FindById does not declare any static, non-private, non-final, nested classes annotated with @Configuration.
2026-04-15T17:44:16.187-03:00  INFO 28520 --- [fintrack-api] [           main] .b.t.c.SpringBootTestContextBootstrapper : Found @SpringBootConfiguration com.fintrack.api.FintrackApiApplication for test class com.fintrack.api.category.controller.CategoryControllerIntegrationTest$FindById
2026-04-15T17:44:16.378-03:00  INFO 28520 --- [fintrack-api] [           main] t.c.s.AnnotationConfigContextLoaderUtils : Could not detect default configuration classes for test class [com.fintrack.api.category.controller.CategoryControllerIntegrationTest$ListAll]: ListAll does not declare any static, non-private, non-final, nested classes annotated with @Configuration.
2026-04-15T17:44:16.382-03:00  INFO 28520 --- [fintrack-api] [           main] .b.t.c.SpringBootTestContextBootstrapper : Found @SpringBootConfiguration com.fintrack.api.FintrackApiApplication for test class com.fintrack.api.category.controller.CategoryControllerIntegrationTest$ListAll
2026-04-15T17:44:16.653-03:00  INFO 28520 --- [fintrack-api] [           main] t.c.s.AnnotationConfigContextLoaderUtils : Could not detect default configuration classes for test class [com.fintrack.api.category.controller.CategoryControllerIntegrationTest$Create]: Create does not declare any static, non-private, non-final, nested classes annotated with @Configuration.
2026-04-15T17:44:16.658-03:00  INFO 28520 --- [fintrack-api] [           main] .b.t.c.SpringBootTestContextBootstrapper : Found @SpringBootConfiguration com.fintrack.api.FintrackApiApplication for test class com.fintrack.api.category.controller.CategoryControllerIntegrationTest$Create
2026-04-15T17:44:17.547-03:00  INFO 28520 --- [fintrack-api] [           main] t.c.s.AnnotationConfigContextLoaderUtils : Could not detect default configuration classes for test class [com.fintrack.api.shared.exception.GlobalExceptionHandlerTest]: GlobalExceptionHandlerTest does not declare any static, non-private, non-final, nested classes annotated with @Configuration.
2026-04-15T17:44:17.642-03:00  INFO 28520 --- [fintrack-api] [           main] .b.t.c.SpringBootTestContextBootstrapper : Found @SpringBootConfiguration com.fintrack.api.FintrackApiApplication for test class com.fintrack.api.shared.exception.GlobalExceptionHandlerTest
2026-04-15T17:44:17.658-03:00  INFO 28520 --- [fintrack-api] [           main] t.c.s.AnnotationConfigContextLoaderUtils : Could not detect default configuration classes for test class [com.fintrack.api.shared.exception.GlobalExceptionHandlerTest$StatusMapping]: StatusMapping does not declare any static, non-private, non-final, nested classes annotated with @Configuration.
2026-04-15T17:44:17.800-03:00  INFO 28520 --- [fintrack-api] [           main] .b.t.c.SpringBootTestContextBootstrapper : Found @SpringBootConfiguration com.fintrack.api.FintrackApiApplication for test class com.fintrack.api.shared.exception.GlobalExceptionHandlerTest$StatusMapping

  .   ____          _            __ _ _
 /\\ / ___'_ __ _ _(_)_ __  __ _ \ \ \ \
( ( )\___ | '_ | '_| | '_ \/ _` | \ \ \ \
 \\/  ___)| |_)| | | | | || (_| |  ) ) ) )
  '  |____| .__|_| |_|_| |_\__, | / / / /
 =========|_|==============|___/=/_/_/_/

 :: Spring Boot ::                (v3.3.5)

2026-04-15T17:44:17.947-03:00  INFO 28520 --- [fintrack-api] [           main] c.f.a.s.e.GlobalExceptionHandlerTest     : Starting GlobalExceptionHandlerTest using Java 21.0.10 with PID 28520 (started by Dell in D:\Projetos\GestÒo de Finanþa\fintrack-api)
2026-04-15T17:44:17.949-03:00 DEBUG 28520 --- [fintrack-api] [           main] c.f.a.s.e.GlobalExceptionHandlerTest     : Running with Spring Boot v3.3.5, Spring v6.1.14
2026-04-15T17:44:17.950-03:00  INFO 28520 --- [fintrack-api] [           main] c.f.a.s.e.GlobalExceptionHandlerTest     : The following 1 profile is active: "dev"
2026-04-15T17:44:20.589-03:00  INFO 28520 --- [fintrack-api] [           main] r$InitializeUserDetailsManagerConfigurer : Global AuthenticationManager configured with UserDetailsService bean with name inMemoryUserDetailsManager
2026-04-15T17:44:20.707-03:00 DEBUG 28520 --- [fintrack-api] [           main] o.s.s.web.DefaultSecurityFilterChain     : Will secure any request with filters: DisableEncodeUrlFilter, WebAsyncManagerIntegrationFilter, SecurityContextHolderFilter, HeaderWriterFilter, CsrfFilter, LogoutFilter, UsernamePasswordAuthenticationFilter, DefaultLoginPageGeneratingFilter, DefaultLogoutPageGeneratingFilter, BasicAuthenticationFilter, RequestCacheAwareFilter, SecurityContextHolderAwareRequestFilter, AnonymousAuthenticationFilter, ExceptionTranslationFilter, AuthorizationFilter
2026-04-15T17:44:20.757-03:00 DEBUG 28520 --- [fintrack-api] [           main] c.f.a.a.s.JwtAuthenticationFilter        : Filter 'jwtAuthenticationFilter' configured for use
2026-04-15T17:44:20.760-03:00  INFO 28520 --- [fintrack-api] [           main] o.s.b.t.m.w.SpringBootMockServletContext : Initializing Spring TestDispatcherServlet ''
2026-04-15T17:44:20.760-03:00  INFO 28520 --- [fintrack-api] [           main] o.s.t.web.servlet.TestDispatcherServlet  : Initializing Servlet ''
2026-04-15T17:44:20.760-03:00  INFO 28520 --- [fintrack-api] [           main] o.s.t.web.servlet.TestDispatcherServlet  : Completed initialization in 0 ms
2026-04-15T17:44:20.805-03:00  INFO 28520 --- [fintrack-api] [           main] c.f.a.s.e.GlobalExceptionHandlerTest     : Started GlobalExceptionHandlerTest in 2.971 seconds (process running for 22.134)
2026-04-15T17:44:20.885-03:00 DEBUG 28520 --- [fintrack-api] [           main] w.c.HttpSessionSecurityContextRepository : Created HttpSession as SecurityContext is non-default
2026-04-15T17:44:20.888-03:00 DEBUG 28520 --- [fintrack-api] [           main] w.c.HttpSessionSecurityContextRepository : Stored SecurityContextImpl [Authentication=UsernamePasswordAuthenticationToken [Principal=org.springframework.security.core.userdetails.User [Username=user, Password=[PROTECTED], Enabled=true, AccountNonExpired=true, CredentialsNonExpired=true, AccountNonLocked=true, Granted Authorities=[ROLE_USER]], Credentials=[PROTECTED], Authenticated=true, Details=null, Granted Authorities=[ROLE_USER]]] to HttpSession [org.springframework.mock.web.MockHttpSession@45e0589]
2026-04-15T17:44:20.912-03:00 DEBUG 28520 --- [fintrack-api] [           main] o.s.security.web.FilterChainProxy        : Securing POST /api/auth/login
2026-04-15T17:44:20.917-03:00 DEBUG 28520 --- [fintrack-api] [           main] w.c.HttpSessionSecurityContextRepository : Retrieved SecurityContextImpl [Authentication=UsernamePasswordAuthenticationToken [Principal=org.springframework.security.core.userdetails.User [Username=user, Password=[PROTECTED], Enabled=true, AccountNonExpired=true, CredentialsNonExpired=true, AccountNonLocked=true, Granted Authorities=[ROLE_USER]], Credentials=[PROTECTED], Authenticated=true, Details=null, Granted Authorities=[ROLE_USER]]]
2026-04-15T17:44:20.917-03:00 DEBUG 28520 --- [fintrack-api] [           main] o.s.security.web.FilterChainProxy        : Secured POST /api/auth/login
2026-04-15T17:44:20.990-03:00 DEBUG 28520 --- [fintrack-api] [           main] w.c.HttpSessionSecurityContextRepository : Created HttpSession as SecurityContext is non-default
2026-04-15T17:44:20.990-03:00 DEBUG 28520 --- [fintrack-api] [           main] w.c.HttpSessionSecurityContextRepository : Stored SecurityContextImpl [Authentication=UsernamePasswordAuthenticationToken [Principal=org.springframework.security.core.userdetails.User [Username=user, Password=[PROTECTED], Enabled=true, AccountNonExpired=true, CredentialsNonExpired=true, AccountNonLocked=true, Granted Authorities=[ROLE_USER]], Credentials=[PROTECTED], Authenticated=true, Details=null, Granted Authorities=[ROLE_USER]]] to HttpSession [org.springframework.mock.web.MockHttpSession@1c1b9f36]
2026-04-15T17:44:20.992-03:00 DEBUG 28520 --- [fintrack-api] [           main] o.s.security.web.FilterChainProxy        : Securing POST /api/auth/refresh
2026-04-15T17:44:20.992-03:00 DEBUG 28520 --- [fintrack-api] [           main] w.c.HttpSessionSecurityContextRepository : Retrieved SecurityContextImpl [Authentication=UsernamePasswordAuthenticationToken [Principal=org.springframework.security.core.userdetails.User [Username=user, Password=[PROTECTED], Enabled=true, AccountNonExpired=true, CredentialsNonExpired=true, AccountNonLocked=true, Granted Authorities=[ROLE_USER]], Credentials=[PROTECTED], Authenticated=true, Details=null, Granted Authorities=[ROLE_USER]]]
2026-04-15T17:44:20.993-03:00 DEBUG 28520 --- [fintrack-api] [           main] o.s.security.web.FilterChainProxy        : Secured POST /api/auth/refresh
2026-04-15T17:44:21.011-03:00 DEBUG 28520 --- [fintrack-api] [           main] w.c.HttpSessionSecurityContextRepository : Created HttpSession as SecurityContext is non-default
2026-04-15T17:44:21.018-03:00 DEBUG 28520 --- [fintrack-api] [           main] w.c.HttpSessionSecurityContextRepository : Stored SecurityContextImpl [Authentication=UsernamePasswordAuthenticationToken [Principal=org.springframework.security.core.userdetails.User [Username=user, Password=[PROTECTED], Enabled=true, AccountNonExpired=true, CredentialsNonExpired=true, AccountNonLocked=true, Granted Authorities=[ROLE_USER]], Credentials=[PROTECTED], Authenticated=true, Details=null, Granted Authorities=[ROLE_USER]]] to HttpSession [org.springframework.mock.web.MockHttpSession@185db22c]
2026-04-15T17:44:21.019-03:00 DEBUG 28520 --- [fintrack-api] [           main] o.s.security.web.FilterChainProxy        : Securing POST /api/auth/register
2026-04-15T17:44:21.019-03:00 DEBUG 28520 --- [fintrack-api] [           main] w.c.HttpSessionSecurityContextRepository : Retrieved SecurityContextImpl [Authentication=UsernamePasswordAuthenticationToken [Principal=org.springframework.security.core.userdetails.User [Username=user, Password=[PROTECTED], Enabled=true, AccountNonExpired=true, CredentialsNonExpired=true, AccountNonLocked=true, Granted Authorities=[ROLE_USER]], Credentials=[PROTECTED], Authenticated=true, Details=null, Granted Authorities=[ROLE_USER]]]
2026-04-15T17:44:21.019-03:00 DEBUG 28520 --- [fintrack-api] [           main] o.s.security.web.FilterChainProxy        : Secured POST /api/auth/register
2026-04-15T17:44:21.042-03:00 DEBUG 28520 --- [fintrack-api] [           main] w.c.HttpSessionSecurityContextRepository : Created HttpSession as SecurityContext is non-default
2026-04-15T17:44:21.043-03:00 DEBUG 28520 --- [fintrack-api] [           main] w.c.HttpSessionSecurityContextRepository : Stored SecurityContextImpl [Authentication=UsernamePasswordAuthenticationToken [Principal=org.springframework.security.core.userdetails.User [Username=user, Password=[PROTECTED], Enabled=true, AccountNonExpired=true, CredentialsNonExpired=true, AccountNonLocked=true, Granted Authorities=[ROLE_USER]], Credentials=[PROTECTED], Authenticated=true, Details=null, Granted Authorities=[ROLE_USER]]] to HttpSession [org.springframework.mock.web.MockHttpSession@3c419521]
2026-04-15T17:44:21.044-03:00 DEBUG 28520 --- [fintrack-api] [           main] o.s.security.web.FilterChainProxy        : Securing POST /api/auth/register
2026-04-15T17:44:21.044-03:00 DEBUG 28520 --- [fintrack-api] [           main] w.c.HttpSessionSecurityContextRepository : Retrieved SecurityContextImpl [Authentication=UsernamePasswordAuthenticationToken [Principal=org.springframework.security.core.userdetails.User [Username=user, Password=[PROTECTED], Enabled=true, AccountNonExpired=true, CredentialsNonExpired=true, AccountNonLocked=true, Granted Authorities=[ROLE_USER]], Credentials=[PROTECTED], Authenticated=true, Details=null, Granted Authorities=[ROLE_USER]]]
2026-04-15T17:44:21.044-03:00 DEBUG 28520 --- [fintrack-api] [           main] o.s.security.web.FilterChainProxy        : Secured POST /api/auth/register
2026-04-15T17:44:21.053-03:00  INFO 28520 --- [fintrack-api] [           main] t.c.s.AnnotationConfigContextLoaderUtils : Could not detect default configuration classes for test class [com.fintrack.api.shared.exception.GlobalExceptionHandlerTest$ProblemDetailFormat]: ProblemDetailFormat does not declare any static, non-private, non-final, nested classes annotated with @Configuration.
2026-04-15T17:44:21.062-03:00  INFO 28520 --- [fintrack-api] [           main] .b.t.c.SpringBootTestContextBootstrapper : Found @SpringBootConfiguration com.fintrack.api.FintrackApiApplication for test class com.fintrack.api.shared.exception.GlobalExceptionHandlerTest$ProblemDetailFormat
2026-04-15T17:44:21.069-03:00 DEBUG 28520 --- [fintrack-api] [           main] w.c.HttpSessionSecurityContextRepository : Created HttpSession as SecurityContext is non-default
2026-04-15T17:44:21.069-03:00 DEBUG 28520 --- [fintrack-api] [           main] w.c.HttpSessionSecurityContextRepository : Stored SecurityContextImpl [Authentication=UsernamePasswordAuthenticationToken [Principal=org.springframework.security.core.userdetails.User [Username=user, Password=[PROTECTED], Enabled=true, AccountNonExpired=true, CredentialsNonExpired=true, AccountNonLocked=true, Granted Authorities=[ROLE_USER]], Credentials=[PROTECTED], Authenticated=true, Details=null, Granted Authorities=[ROLE_USER]]] to HttpSession [org.springframework.mock.web.MockHttpSession@39ca785e]
2026-04-15T17:44:21.070-03:00 DEBUG 28520 --- [fintrack-api] [           main] o.s.security.web.FilterChainProxy        : Securing POST /api/auth/register
2026-04-15T17:44:21.070-03:00 DEBUG 28520 --- [fintrack-api] [           main] w.c.HttpSessionSecurityContextRepository : Retrieved SecurityContextImpl [Authentication=UsernamePasswordAuthenticationToken [Principal=org.springframework.security.core.userdetails.User [Username=user, Password=[PROTECTED], Enabled=true, AccountNonExpired=true, CredentialsNonExpired=true, AccountNonLocked=true, Granted Authorities=[ROLE_USER]], Credentials=[PROTECTED], Authenticated=true, Details=null, Granted Authorities=[ROLE_USER]]]
2026-04-15T17:44:21.070-03:00 DEBUG 28520 --- [fintrack-api] [           main] o.s.security.web.FilterChainProxy        : Secured POST /api/auth/register
2026-04-15T17:44:21.079-03:00 DEBUG 28520 --- [fintrack-api] [           main] w.c.HttpSessionSecurityContextRepository : Created HttpSession as SecurityContext is non-default
2026-04-15T17:44:21.079-03:00 DEBUG 28520 --- [fintrack-api] [           main] w.c.HttpSessionSecurityContextRepository : Stored SecurityContextImpl [Authentication=UsernamePasswordAuthenticationToken [Principal=org.springframework.security.core.userdetails.User [Username=user, Password=[PROTECTED], Enabled=true, AccountNonExpired=true, CredentialsNonExpired=true, AccountNonLocked=true, Granted Authorities=[ROLE_USER]], Credentials=[PROTECTED], Authenticated=true, Details=null, Granted Authorities=[ROLE_USER]]] to HttpSession [org.springframework.mock.web.MockHttpSession@2aaa4574]
2026-04-15T17:44:21.081-03:00 DEBUG 28520 --- [fintrack-api] [           main] o.s.security.web.FilterChainProxy        : Securing POST /api/auth/register
2026-04-15T17:44:21.081-03:00 DEBUG 28520 --- [fintrack-api] [           main] w.c.HttpSessionSecurityContextRepository : Retrieved SecurityContextImpl [Authentication=UsernamePasswordAuthenticationToken [Principal=org.springframework.security.core.userdetails.User [Username=user, Password=[PROTECTED], Enabled=true, AccountNonExpired=true, CredentialsNonExpired=true, AccountNonLocked=true, Granted Authorities=[ROLE_USER]], Credentials=[PROTECTED], Authenticated=true, Details=null, Granted Authorities=[ROLE_USER]]]
2026-04-15T17:44:21.081-03:00 DEBUG 28520 --- [fintrack-api] [           main] o.s.security.web.FilterChainProxy        : Secured POST /api/auth/register
2026-04-15T17:44:21.091-03:00 DEBUG 28520 --- [fintrack-api] [           main] w.c.HttpSessionSecurityContextRepository : Created HttpSession as SecurityContext is non-default
2026-04-15T17:44:21.091-03:00 DEBUG 28520 --- [fintrack-api] [           main] w.c.HttpSessionSecurityContextRepository : Stored SecurityContextImpl [Authentication=UsernamePasswordAuthenticationToken [Principal=org.springframework.security.core.userdetails.User [Username=user, Password=[PROTECTED], Enabled=true, AccountNonExpired=true, CredentialsNonExpired=true, AccountNonLocked=true, Granted Authorities=[ROLE_USER]], Credentials=[PROTECTED], Authenticated=true, Details=null, Granted Authorities=[ROLE_USER]]] to HttpSession [org.springframework.mock.web.MockHttpSession@2702326d]
2026-04-15T17:44:21.091-03:00 DEBUG 28520 --- [fintrack-api] [           main] o.s.security.web.FilterChainProxy        : Securing POST /api/auth/register
2026-04-15T17:44:21.093-03:00 DEBUG 28520 --- [fintrack-api] [           main] w.c.HttpSessionSecurityContextRepository : Retrieved SecurityContextImpl [Authentication=UsernamePasswordAuthenticationToken [Principal=org.springframework.security.core.userdetails.User [Username=user, Password=[PROTECTED], Enabled=true, AccountNonExpired=true, CredentialsNonExpired=true, AccountNonLocked=true, Granted Authorities=[ROLE_USER]], Credentials=[PROTECTED], Authenticated=true, Details=null, Granted Authorities=[ROLE_USER]]]
2026-04-15T17:44:21.093-03:00 DEBUG 28520 --- [fintrack-api] [           main] o.s.security.web.FilterChainProxy        : Secured POST /api/auth/register
2026-04-15T17:44:21.107-03:00  INFO 28520 --- [fintrack-api] [           main] t.c.s.AnnotationConfigContextLoaderUtils : Could not detect default configuration classes for test class [com.fintrack.api.transaction.controller.TransactionControllerIntegrationTest]: TransactionControllerIntegrationTest does not declare any static, non-private, non-final, nested classes annotated with @Configuration.
2026-04-15T17:44:21.139-03:00  INFO 28520 --- [fintrack-api] [           main] .b.t.c.SpringBootTestContextBootstrapper : Found @SpringBootConfiguration com.fintrack.api.FintrackApiApplication for test class com.fintrack.api.transaction.controller.TransactionControllerIntegrationTest
2026-04-15T17:44:21.144-03:00  INFO 28520 --- [fintrack-api] [           main] t.c.s.AnnotationConfigContextLoaderUtils : Could not detect default configuration classes for test class [com.fintrack.api.transaction.controller.TransactionControllerIntegrationTest$Delete]: Delete does not declare any static, non-private, non-final, nested classes annotated with @Configuration.
2026-04-15T17:44:21.146-03:00  INFO 28520 --- [fintrack-api] [           main] .b.t.c.SpringBootTestContextBootstrapper : Found @SpringBootConfiguration com.fintrack.api.FintrackApiApplication for test class com.fintrack.api.transaction.controller.TransactionControllerIntegrationTest$Delete
2026-04-15T17:44:21.239-03:00 DEBUG 28520 --- [fintrack-api] [           main] o.s.security.web.FilterChainProxy        : Securing DELETE /api/transactions/fcfebfda-ed1d-4cc3-b554-ae1b81d9cbf9
2026-04-15T17:44:21.251-03:00 DEBUG 28520 --- [fintrack-api] [           main] o.s.security.web.FilterChainProxy        : Secured DELETE /api/transactions/fcfebfda-ed1d-4cc3-b554-ae1b81d9cbf9
2026-04-15T17:44:21.503-03:00 DEBUG 28520 --- [fintrack-api] [           main] o.s.security.web.FilterChainProxy        : Securing DELETE /api/transactions/54d681f2-a3af-4e6e-b89d-a500738e2c74
2026-04-15T17:44:21.510-03:00 DEBUG 28520 --- [fintrack-api] [           main] o.s.security.web.FilterChainProxy        : Secured DELETE /api/transactions/54d681f2-a3af-4e6e-b89d-a500738e2c74
2026-04-15T17:44:21.530-03:00  INFO 28520 --- [fintrack-api] [           main] t.c.s.AnnotationConfigContextLoaderUtils : Could not detect default configuration classes for test class [com.fintrack.api.transaction.controller.TransactionControllerIntegrationTest$FindById]: FindById does not declare any static, non-private, non-final, nested classes annotated with @Configuration.
2026-04-15T17:44:21.532-03:00  INFO 28520 --- [fintrack-api] [           main] .b.t.c.SpringBootTestContextBootstrapper : Found @SpringBootConfiguration com.fintrack.api.FintrackApiApplication for test class com.fintrack.api.transaction.controller.TransactionControllerIntegrationTest$FindById
2026-04-15T17:44:21.610-03:00 DEBUG 28520 --- [fintrack-api] [           main] o.s.security.web.FilterChainProxy        : Securing GET /api/transactions/c960fc8b-eea2-4477-9852-ae9a0c0f2a01
2026-04-15T17:44:21.617-03:00 DEBUG 28520 --- [fintrack-api] [           main] o.s.security.web.FilterChainProxy        : Secured GET /api/transactions/c960fc8b-eea2-4477-9852-ae9a0c0f2a01
2026-04-15T17:44:21.702-03:00 DEBUG 28520 --- [fintrack-api] [           main] o.s.security.web.FilterChainProxy        : Securing GET /api/transactions/0e85df46-7e72-4660-9bb0-00ff8cad2403
2026-04-15T17:44:21.714-03:00 DEBUG 28520 --- [fintrack-api] [           main] o.s.security.web.FilterChainProxy        : Secured GET /api/transactions/0e85df46-7e72-4660-9bb0-00ff8cad2403
2026-04-15T17:44:21.728-03:00  INFO 28520 --- [fintrack-api] [           main] t.c.s.AnnotationConfigContextLoaderUtils : Could not detect default configuration classes for test class [com.fintrack.api.transaction.controller.TransactionControllerIntegrationTest$ListAll]: ListAll does not declare any static, non-private, non-final, nested classes annotated with @Configuration.
2026-04-15T17:44:21.729-03:00  INFO 28520 --- [fintrack-api] [           main] .b.t.c.SpringBootTestContextBootstrapper : Found @SpringBootConfiguration com.fintrack.api.FintrackApiApplication for test class com.fintrack.api.transaction.controller.TransactionControllerIntegrationTest$ListAll
2026-04-15T17:44:21.884-03:00 DEBUG 28520 --- [fintrack-api] [           main] o.s.security.web.FilterChainProxy        : Securing GET /api/transactions
2026-04-15T17:44:21.891-03:00 DEBUG 28520 --- [fintrack-api] [           main] o.s.security.web.FilterChainProxy        : Secured GET /api/transactions
2026-04-15T17:44:21.934-03:00  WARN 28520 --- [fintrack-api] [           main] ration$PageModule$WarningLoggingModifier : Serializing PageImpl instances as-is is not supported, meaning that there is no guarantee about the stability of the resulting JSON structure!
	For a stable JSON structure, please use Spring Data's PagedModel (globally via @EnableSpringDataWebSupport(pageSerializationMode = VIA_DTO))
	or Spring HATEOAS and Spring Data's PagedResourcesAssembler as documented in https://docs.spring.io/spring-data/commons/reference/repositories/core-extensions.html#core.web.pageables.

2026-04-15T17:44:22.029-03:00 DEBUG 28520 --- [fintrack-api] [           main] o.s.security.web.FilterChainProxy        : Securing GET /api/transactions
2026-04-15T17:44:22.039-03:00 DEBUG 28520 --- [fintrack-api] [           main] o.s.security.web.FilterChainProxy        : Secured GET /api/transactions
2026-04-15T17:44:22.053-03:00  INFO 28520 --- [fintrack-api] [           main] t.c.s.AnnotationConfigContextLoaderUtils : Could not detect default configuration classes for test class [com.fintrack.api.transaction.controller.TransactionControllerIntegrationTest$Create]: Create does not declare any static, non-private, non-final, nested classes annotated with @Configuration.
2026-04-15T17:44:22.058-03:00  INFO 28520 --- [fintrack-api] [           main] .b.t.c.SpringBootTestContextBootstrapper : Found @SpringBootConfiguration com.fintrack.api.FintrackApiApplication for test class com.fintrack.api.transaction.controller.TransactionControllerIntegrationTest$Create
2026-04-15T17:44:22.133-03:00 DEBUG 28520 --- [fintrack-api] [           main] o.s.security.web.FilterChainProxy        : Securing POST /api/transactions
2026-04-15T17:44:22.139-03:00 DEBUG 28520 --- [fintrack-api] [           main] o.s.security.web.FilterChainProxy        : Secured POST /api/transactions
2026-04-15T17:44:22.232-03:00 DEBUG 28520 --- [fintrack-api] [           main] o.s.security.web.FilterChainProxy        : Securing POST /api/transactions
2026-04-15T17:44:22.232-03:00 DEBUG 28520 --- [fintrack-api] [           main] o.s.s.w.a.AnonymousAuthenticationFilter  : Set SecurityContextHolder to anonymous SecurityContext
2026-04-15T17:44:22.306-03:00 DEBUG 28520 --- [fintrack-api] [           main] o.s.security.web.FilterChainProxy        : Securing POST /api/transactions
2026-04-15T17:44:22.313-03:00 DEBUG 28520 --- [fintrack-api] [           main] o.s.security.web.FilterChainProxy        : Secured POST /api/transactions
2026-04-15T17:44:22.390-03:00 DEBUG 28520 --- [fintrack-api] [           main] o.s.security.web.FilterChainProxy        : Securing POST /api/transactions
2026-04-15T17:44:22.398-03:00 DEBUG 28520 --- [fintrack-api] [           main] o.s.security.web.FilterChainProxy        : Secured POST /api/transactions
